{
a ++ ;
a -- ;
++ a ;
-- a ;
- a ;
a String ;
a String = null ;
x = 10 ;
a = " hello world " ;
x = - 10 ;
x int = 10 ;
xx = 60.0f ;
xx int = 60.0f ;
x = 60 ;
x int = 60 ;
x += 3 ;
x mod= 7 ;
x = 5.0 ;
x = 5.0f ;
x = 5.0f ;
x = 5.0 ;
x = 5.0 ;
x = 5.4 ;
x = 5.6f ;
x = 5.0E7 ;
x = 5.0E7f ;
b **= 5 ;
a int[] = [ 1 , 2 , 3 ] ;
a int[][] = [ [ 1 , 2 ] , [ 1 , 2 ] ] ;
a = new int [ 2 ] [ 3 ] ;
b Matrix < Integer > = a ;
ax [ 2 ,  3 ] == ax [ 2 ] [ 3 ] ;
ax [ 2 ] = 3 ;
ax [ 2 ] [ 2 ] = 3 ;
ax [ 2 ] [ 2 ] = [ 3 ] ;
ax [ func ( ) ] = 5 ;
ax [ 2 ] = ax [ 3 ] ;
f = func ( ) [ 3 ] ;
func ( ) [ 3 ] = 9 ;
d = ax [ ... 3 ] ;
d = ax [ 2 ... 3 ] ;
d = ax [ 3 ... ] ;
d = ax [ 3 ] ;
a . b = 7 ;
ax [ 2 ] . c = 3 ;
map = { " 1 " -> 1 , " 4 " -> 5 } ;
map [ " 3 " ] = 66 ;
map = { new Turd ( 2 , 3 ) -> 1 , " 4 " -> 5 } ;
a List < String > ;
a List < Number > = [ 1 , 2 , 3 ] ;
a ArrayList < String > [] ;
turds = new Doer ( 2 ) ;
a int = if ( true ) {
3 ;
}
else {
5 ;
}
;
a boolean = "  " is String ;
a boolean = "  " isnot String ;
b = " ff " as String ;
y = 50 > 6 ;
y = 50 > 6 > 4 ;
a = false == func ( ) ;
a = obj1 &== obj2 ;
a = not obj1 &== obj2 ;
a = obj1 &<> obj2 ;
a = obj1 == obj2 ;
a = 4 + 3 - 2 * 4.0 ;
a = 6 mod 3 ;
f = 300000.0 ** 6 ;
a boolean = false and true ;
a = false or true and false ;
b = not false ;
y = 4 > 3 and 5 + 4 > 4 ;
this . ax [ 8 ] = 55 ;
super . ax [ 8 ] = 55 ;
import x.a.u as x.a.u ;
f = new x.a.u ( 66 ) . ll ( ) ;
ax [ 3 ] = 6 ;
istrue = a is Map < ? , ? > ;
istrue = a is Map ;
istrue = a is Map.Map ;
istrue = a is Map ;
istrue = a is Map.Map < ? , ? > ;
istrue = a is Map < ? , ? > ;
}