{
d = s ;
class MyClass < X > ( protected -n String , protected -m String ) {
a = 6 ;
def add ( var toAdd X ) void {
}
def do ( var n int ) void {
this . a = n ** 5 ;
}
class Inner {
}
}
class Singleton {
}
zzz = new A.C ( 2 , 3 ) ;
bobby List < Integer > = new List < Integer > ( 1 ) ;
a = new com.concurnas.lang.TypedActor < MyClass < String > > ( 3 ) ;
stuff = zzz . a ;
stuff = zzz \. a ;
}